node : FAIL tests/usAPIs.test.js
At line:1 char:1
+ node --experimental-vm-modules 
./node_modules/jest/bin/jest.js tests/ ...
+ ~~~~~~~~~~~~~~~~~~~~~~~~~~~~~~~~~~~~~~~~~~
~~~~~~~~~~~~~~~~~~~~~~~~~~~
    + CategoryInfo          : NotSpecified: 
    (FAIL tests/usAPIs.test.js:String) [],  
   RemoteException
    + FullyQualifiedErrorId : NativeCommand 
   Error
 
  â— Test suite failed to run

    Cannot find module '../../src/db/db.js' 
from 'tests/usAPIs.test.js'

    [0m [90m 2 |[39m
     [90m 3 |[39m [90m// 1. Mock DB 
trÆ°á»›c khi import cĂ¡c module khĂ¡c[39m
    [31m[1m>[22m[39m[90m 4 |[39m jest
[33m.[39munstable_mockModule([32m'../../sr
c/db/db.js'[39m[33m,[39m () [33m=>[39m 
{
     [90m   |[39m      
[31m[1m^[22m[39m
     [90m 5 |[39m   [36mconst[39m 
mockConn [33m=[39m {
     [90m 6 |[39m     
beginTransaction[33m:[39m 
jest[33m.[39mfn()[33m,[39m
     [90m 7 |[39m     commit[33m:[39m 
jest[33m.[39mfn()[33m,[39m[0m

      at Resolver._throwModNotFoundError (no
de_modules/jest-resolve/build/resolver.js:42
7:11)
      at unstable_mockModule 
(tests/usAPIs.test.js:4:6)

Test Suites: 1 failed, 1 total
Tests:       0 total
Snapshots:   0 total
Time:        0.31 s
Ran all test suites matching 
/tests\\usAPIs.test.js/i.
(node:14860) ExperimentalWarning: VM 
Modules is an experimental feature and 
might change at any time
(Use `node --trace-warnings ...` to show 
where the warning was created)
